[backblue.gif]
[fade.gif]
[index.html]
[api.xyroinee.xyz/dashboard/index.html]
[external.html]
[api.xyroinee.xyz/dashboard.html]
[api.xyroinee.xyz/assets/plugins/chartjs/chart.min.js]
[api.xyroinee.xyz/img/avatars/1.png]
[api.xyroinee.xyz/assets/plugins/bootstrap/css/bootstrap.min.css]
[api.xyroinee.xyz/assets/css/main.css]
[api.xyroinee.xyz/assets/plugins/charts-c3/c3.min.css]
[api.xyroinee.xyz/assets/plugins/jvectormap/jvectormap-2.0.3.css]
[api.xyroinee.xyz/api/ai/animediffusion6218.png]
[api.xyroinee.xyz/api/ai/stablediffusion6218.png]
[api.xyroinee.xyz/assets/plugins/chartist-plugin-tooltip/chartist-plugin-tooltip.css]
[api.xyroinee.xyz/api/others/chatgptdd7e.json]
[api.xyroinee.xyz/js/dash.js]
[api.xyroinee.xyz/js/scroll.js]
[api.xyroinee.xyz/js/clock.js]
[api.xyroinee.xyz/ai.html]
[api.xyroinee.xyz/assets/bundles/lib.vendor.bundle.js]
[api.xyroinee.xyz/assets/bundles/apexcharts.bundle.js]
[api.xyroinee.xyz/assets/bundles/counterup.bundle.js]
[api.xyroinee.xyz/assets/bundles/knobjs.bundle.js]
[api.xyroinee.xyz/animanga.html]
[api.xyroinee.xyz/assets/bundles/c3.bundle.js]
[api.xyroinee.xyz/assets/bundles/flot.bundle.js]
[api.xyroinee.xyz/assets/bundles/jvectormap1.bundle.js]
[api.xyroinee.xyz/assets/js/core.js]
[api.xyroinee.xyz/download.html]
[api.xyroinee.xyz/assets/fonts/simple-Line-Icons.eot]
[api.xyroinee.xyz/assets/fonts/simple-Line-Icons.woff]
[api.xyroinee.xyz/assets/fonts/simple-Line-Icons.ttf]
[api.xyroinee.xyz/random.html]
[api.xyroinee.xyz/assets/fonts/weathericons-regular-webfont.eot]
[api.xyroinee.xyz/assets/fonts/weathericons-regular-webfontd41d.eot]
[api.xyroinee.xyz/assets/fonts/weathericons-regular-webfont.woff]
[api.xyroinee.xyz/news.html]
[api.xyroinee.xyz/assets/fonts/weathericons-regular-webfont.ttf]
[api.xyroinee.xyz/assets/fonts/feather/feather-webfont6cfa.eot]
[api.xyroinee.xyz/assets/fonts/feather/feather-webfont6cfa.woff]
[api.xyroinee.xyz/search.html]
[api.xyroinee.xyz/assets/fonts/feather/feather-webfont6cfa.ttf]
[api.xyroinee.xyz/assets/fonts/fontawesome-webfont3e6e.eot]
[api.xyroinee.xyz/assets/fonts/fontawesome-webfontd41d.eot]
[api.xyroinee.xyz/textpro.html]
[api.xyroinee.xyz/assets/fonts/fontawesome-webfont3e6e.woff2]
[api.xyroinee.xyz/assets/fonts/fontawesome-webfont3e6e.woff]
[api.xyroinee.xyz/assets/fonts/fontawesome-webfont3e6e.ttf]
[api.xyroinee.xyz/api/photooxy/candy-texte96a.html]
[api.xyroinee.xyz/api/photooxy/vintagee96a.html]
[api.xyroinee.xyz/api/photooxy/gradient-avatare96a.html]
[api.xyroinee.xyz/api/photooxy/fur-texte96a.html]
[api.xyroinee.xyz/photooxy.html]
[api.xyroinee.xyz/api/photooxy/strikinge96a.html]
[api.xyroinee.xyz/api/canvas/welcome25a1.html]
[api.xyroinee.xyz/api/canvas/goodbye25a1.html]
[api.xyroinee.xyz/api/canvas/ttpc26f.html]
[api.xyroinee.xyz/api/canvas/ttp2c26f.html]
[api.xyroinee.xyz/api/ai/animediffusion26218.png]
[api.xyroinee.xyz/api/anime/mangatoonsd9a3.json]
[api.xyroinee.xyz/api/anime/nhentai-search513c.json]
[api.xyroinee.xyz/api/anime/nhentai-detailbd7c.json]
[api.xyroinee.xyz/api/anime/nhentai-getf8af.json]
[api.xyroinee.xyz/api/anime/nhentai-getimgbd7c.json]
[api.xyroinee.xyz/api/anime/mal-animed9a3.json]
[api.xyroinee.xyz/api/anime/mal-mangad9a3.json]
[api.xyroinee.xyz/api/anime/characterd9a3.json]
[api.xyroinee.xyz/api/anime/otakudesu-searchd9a3.json]
[api.xyroinee.xyz/api/anime/otakudesu-detailb261.json]
[api.xyroinee.xyz/api/anime/otakudesu-latestbfee.json]
[api.xyroinee.xyz/api/anime/doujin-search513c.json]
[api.xyroinee.xyz/api/anime/doujin-detailff9e.json]
[api.xyroinee.xyz/api/anime/doujin-latestbfee.json]
[api.xyroinee.xyz/api/anime/komiku-searchb393.json]
[api.xyroinee.xyz/api/anime/komiku-detail8f9c.json]
[api.xyroinee.xyz/api/anime/komiku-latestbfee.json]
[api.xyroinee.xyz/api/downloader/youtube-play9723.json]
[api.xyroinee.xyz/api/downloader/youtube-play-audio9723.json]
[api.xyroinee.xyz/api/downloader/youtube-play-video9723.json]
[api.xyroinee.xyz/api/downloader/youtube-audio4e8c.json]
[api.xyroinee.xyz/api/downloader/youtube-video4e8c.json]
[api.xyroinee.xyz/api/downloader/tiktokf302.json]
[api.xyroinee.xyz/api/downloader/facebook656b.json]
[api.xyroinee.xyz/api/downloader/igstoryfcc2.json]
[api.xyroinee.xyz/canvas.html]
[api.xyroinee.xyz/api/maker/tolol704c.html]
[api.xyroinee.xyz/api/maker/instagram1608.html]
[api.xyroinee.xyz/api/maker/scary1608.html]
[api.xyroinee.xyz/api/maker/glitch1608.html]
[api.xyroinee.xyz/api/maker/rejected1608.html]
[api.xyroinee.xyz/api/maker/ps41608.html]
[api.xyroinee.xyz/api/maker/brazzers1608.html]
[api.xyroinee.xyz/api/maker/distort1608.html]
[api.xyroinee.xyz/api/maker/moustache1608.html]
[api.xyroinee.xyz/api/maker/frame1608.html]
[api.xyroinee.xyz/api/maker/missionpassed1608.html]
[api.xyroinee.xyz/api/maker/emboss1608.html]
[api.xyroinee.xyz/api/maker/spongebob1608.html]
[api.xyroinee.xyz/api/maker/facebook1608.html]
[api.xyroinee.xyz/api/maker/discordhouse1608.html]
[api.xyroinee.xyz/api/maker/karenhave1608.html]
[api.xyroinee.xyz/api/maker/thanos1608.html]
[api.xyroinee.xyz/api/maker/approved1608.html]
[api.xyroinee.xyz/api/maker/burn1608.html]
[api.xyroinee.xyz/api/maker/challenger1608.html]
[api.xyroinee.xyz/api/maker/crush1608.html]
[api.xyroinee.xyz/api/maker/dictator1608.html]
[api.xyroinee.xyz/api/maker/vs0c3e.html]
[api.xyroinee.xyz/maker.html]
[api.xyroinee.xyz/api/others/toanimecd86.html]
[api.xyroinee.xyz/api/stalker/tiktokbee0.html]
[api.xyroinee.xyz/api/stalker/instagram807e.html]
[api.xyroinee.xyz/api/stalker/stalkgithubaf79.html]
[api.xyroinee.xyz/stalking.html]
[api.xyroinee.xyz/api/stalker/githubrepoaf79.html]
[api.xyroinee.xyz/api/others/voicevox0e03.html]
[api.xyroinee.xyz/api/others/sswebf000.html]
[api.xyroinee.xyz/api/others/tts1f1a.html]
[api.xyroinee.xyz/api/others/chargi775c.html]
[api.xyroinee.xyz/other.html]
[api.xyroinee.xyz/api/others/heroml7af1.html]
[i.pinimg.com/originals/5b/de/51/5bde5150fb2b1478fef0d40d9b4b47a0.jpg]
[cdnjs.cloudflare.com/ajax/libs/font-awesome/5.14.0/css/all.css]
[i.pinimg.com/originals/bc/f5/97/bcf5977efdb95a66ea0efaf8d6a0355f.png]
[cdn.jsdelivr.net/npm/boxicons@latest/css/boxicons.min.css]
[api.xyroinee.xyz/css/style.css]
[api.xyroinee.xyz/signup.html]
[api.xyroinee.xyz/login.html]
[api.xyroinee.xyz/js/main.js]
[api.xyroinee.xyz/api/ai/reminid42c.html]
[api.xyroinee.xyz/api/ai/dall-e50b6.html]
[api.xyroinee.xyz/assets/js/page/index.html]
[api.xyroinee.xyz/assets/fonts/simple-Line-Icons.svg]
[api.xyroinee.xyz/assets/fonts/weathericons-regular-webfont.svg]
[api.xyroinee.xyz/assets/fonts/feather/feather-webfont6cfa.svg]
[api.xyroinee.xyz/assets/fonts/fontawesome-webfont3e6e.svg]
[api.xyroinee.xyz/assets/images/browsers/android-browser.svg]
[api.xyroinee.xyz/assets/images/browsers/aol-explorer.svg]
[api.xyroinee.xyz/assets/images/browsers/blackberry.svg]
[api.xyroinee.xyz/assets/images/browsers/camino.svg]
[api.xyroinee.xyz/assets/images/browsers/chrome.svg]
[api.xyroinee.xyz/assets/images/browsers/chromium.svg]
[api.xyroinee.xyz/assets/images/browsers/dolphin.svg]
[api.xyroinee.xyz/assets/images/browsers/edge.svg]
[api.xyroinee.xyz/assets/images/browsers/firefox.svg]
[api.xyroinee.xyz/assets/images/browsers/ie.svg]
[api.xyroinee.xyz/assets/images/browsers/maxthon.svg]
[api.xyroinee.xyz/assets/images/browsers/mozilla.svg]
[api.xyroinee.xyz/assets/images/browsers/netscape.svg]
[api.xyroinee.xyz/assets/images/browsers/opera.svg]
[api.xyroinee.xyz/assets/images/browsers/safari.svg]
[api.xyroinee.xyz/assets/images/browsers/sleipnir.svg]
[api.xyroinee.xyz/assets/images/browsers/uc-browser.svg]
[api.xyroinee.xyz/assets/images/browsers/vivaldi.svg]
[api.xyroinee.xyz/assets/images/flags/ad.svg]
[api.xyroinee.xyz/assets/images/flags/ae.svg]
[api.xyroinee.xyz/assets/images/flags/af.svg]
[api.xyroinee.xyz/assets/images/flags/ag.svg]
[api.xyroinee.xyz/assets/images/flags/ai.svg]
[api.xyroinee.xyz/assets/images/flags/al.svg]
[api.xyroinee.xyz/assets/images/flags/am.svg]
[api.xyroinee.xyz/assets/images/flags/ao.svg]
[api.xyroinee.xyz/assets/images/flags/aq.svg]
[api.xyroinee.xyz/assets/images/flags/ar.svg]
[api.xyroinee.xyz/assets/images/flags/as.svg]
[api.xyroinee.xyz/assets/images/flags/at.svg]
[api.xyroinee.xyz/assets/images/flags/au.svg]
[api.xyroinee.xyz/assets/images/flags/aw.svg]
[api.xyroinee.xyz/assets/images/flags/ax.svg]
[api.xyroinee.xyz/assets/images/flags/az.svg]
[api.xyroinee.xyz/assets/images/flags/ba.svg]
[api.xyroinee.xyz/assets/images/flags/bb.svg]
[api.xyroinee.xyz/assets/images/flags/bd.svg]
[api.xyroinee.xyz/assets/images/flags/be.svg]
[api.xyroinee.xyz/assets/images/flags/bf.svg]
[api.xyroinee.xyz/assets/images/flags/bg.svg]
[api.xyroinee.xyz/assets/images/flags/bh.svg]
[api.xyroinee.xyz/assets/images/flags/bi.svg]
[api.xyroinee.xyz/assets/images/flags/bj.svg]
[api.xyroinee.xyz/assets/images/flags/bl.svg]
[api.xyroinee.xyz/assets/images/flags/bm.svg]
[api.xyroinee.xyz/assets/images/flags/bn.svg]
[api.xyroinee.xyz/assets/images/flags/bo.svg]
[api.xyroinee.xyz/assets/images/flags/bq.svg]
[api.xyroinee.xyz/assets/images/flags/br.svg]
[api.xyroinee.xyz/assets/images/flags/bs.svg]
[api.xyroinee.xyz/assets/images/flags/bt.svg]
[api.xyroinee.xyz/assets/images/flags/bv.svg]
[api.xyroinee.xyz/assets/images/flags/bw.svg]
[api.xyroinee.xyz/assets/images/flags/by.svg]
[api.xyroinee.xyz/assets/images/flags/bz.svg]
[api.xyroinee.xyz/assets/images/flags/ca.svg]
[api.xyroinee.xyz/assets/images/flags/cc.svg]
[api.xyroinee.xyz/assets/images/flags/cd.svg]
[api.xyroinee.xyz/assets/images/flags/cf.svg]
[api.xyroinee.xyz/assets/images/flags/cg.svg]
[api.xyroinee.xyz/assets/images/flags/ch.svg]
[api.xyroinee.xyz/assets/images/flags/ci.svg]
[api.xyroinee.xyz/assets/images/flags/ck.svg]
[api.xyroinee.xyz/assets/images/flags/cl.svg]
[api.xyroinee.xyz/assets/images/flags/cm.svg]
[api.xyroinee.xyz/assets/images/flags/cn.svg]
[api.xyroinee.xyz/assets/images/flags/co.svg]
[api.xyroinee.xyz/assets/images/flags/cr.svg]
[api.xyroinee.xyz/assets/images/flags/cu.svg]
[api.xyroinee.xyz/assets/images/flags/cv.svg]
[api.xyroinee.xyz/assets/images/flags/cw.svg]
[api.xyroinee.xyz/assets/images/flags/cx.svg]
[api.xyroinee.xyz/assets/images/flags/cy.svg]
[api.xyroinee.xyz/assets/images/flags/cz.svg]
[api.xyroinee.xyz/assets/images/flags/de.svg]
[api.xyroinee.xyz/assets/images/flags/dj.svg]
[api.xyroinee.xyz/assets/images/flags/dk.svg]
[api.xyroinee.xyz/assets/images/flags/dm.svg]
[api.xyroinee.xyz/assets/images/flags/do.svg]
[api.xyroinee.xyz/assets/images/flags/dz.svg]
[api.xyroinee.xyz/assets/images/flags/ec.svg]
[api.xyroinee.xyz/assets/images/flags/ee.svg]
[api.xyroinee.xyz/assets/images/flags/eg.svg]
[api.xyroinee.xyz/assets/images/flags/eh.svg]
[api.xyroinee.xyz/assets/images/flags/er.svg]
[api.xyroinee.xyz/assets/images/flags/es.svg]
[api.xyroinee.xyz/assets/images/flags/et.svg]
[api.xyroinee.xyz/assets/images/flags/eu.svg]
[api.xyroinee.xyz/assets/images/flags/fi.svg]
[api.xyroinee.xyz/assets/images/flags/fj.svg]
[api.xyroinee.xyz/assets/images/flags/fk.svg]
[api.xyroinee.xyz/assets/images/flags/fm.svg]
[api.xyroinee.xyz/assets/images/flags/fo.svg]
[api.xyroinee.xyz/assets/images/flags/fr.svg]
[api.xyroinee.xyz/assets/images/flags/ga.svg]
[api.xyroinee.xyz/assets/images/flags/gb-eng.svg]
[api.xyroinee.xyz/assets/images/flags/gb-nir.svg]
[api.xyroinee.xyz/assets/images/flags/gb-sct.svg]
[api.xyroinee.xyz/assets/images/flags/gb-wls.svg]
[api.xyroinee.xyz/assets/images/flags/gb.svg]
[api.xyroinee.xyz/assets/images/flags/gd.svg]
[api.xyroinee.xyz/assets/images/flags/ge.svg]
[api.xyroinee.xyz/assets/images/flags/gf.svg]
[api.xyroinee.xyz/assets/images/flags/gg.svg]
[api.xyroinee.xyz/assets/images/flags/gh.svg]
[api.xyroinee.xyz/assets/images/flags/gi.svg]
[api.xyroinee.xyz/assets/images/flags/gl.svg]
[api.xyroinee.xyz/assets/images/flags/gm.svg]
[api.xyroinee.xyz/assets/images/flags/gn.svg]
[api.xyroinee.xyz/assets/images/flags/gp.svg]
[api.xyroinee.xyz/assets/images/flags/gq.svg]
[api.xyroinee.xyz/assets/images/flags/gr.svg]
[api.xyroinee.xyz/assets/images/flags/gs.svg]
[api.xyroinee.xyz/assets/images/flags/gt.svg]
[api.xyroinee.xyz/assets/images/flags/gu.svg]
[api.xyroinee.xyz/assets/images/flags/gw.svg]
[api.xyroinee.xyz/assets/images/flags/gy.svg]
[api.xyroinee.xyz/assets/images/flags/hk.svg]
[api.xyroinee.xyz/assets/images/flags/hm.html]
[api.xyroinee.xyz/assets/images/flags/hn.html]
[api.xyroinee.xyz/assets/images/flags/hr.html]
[api.xyroinee.xyz/assets/images/flags/ht.html]
[api.xyroinee.xyz/assets/images/flags/hu.html]
[api.xyroinee.xyz/assets/images/flags/id.html]
[api.xyroinee.xyz/assets/images/flags/ie.html]
[api.xyroinee.xyz/assets/images/flags/il.html]
[api.xyroinee.xyz/assets/images/flags/im.html]
[api.xyroinee.xyz/assets/images/flags/in.html]
[api.xyroinee.xyz/assets/images/flags/io.html]
[api.xyroinee.xyz/assets/images/flags/iq.html]
[api.xyroinee.xyz/assets/images/flags/ir.html]
[api.xyroinee.xyz/assets/images/flags/is.html]
[api.xyroinee.xyz/assets/images/flags/it.html]
[api.xyroinee.xyz/assets/images/flags/je.html]
[api.xyroinee.xyz/assets/images/flags/jm.html]
[api.xyroinee.xyz/assets/images/flags/jo.html]
[api.xyroinee.xyz/assets/images/flags/jp.html]
[api.xyroinee.xyz/assets/images/flags/ke.html]
[api.xyroinee.xyz/assets/images/flags/kg.html]
[api.xyroinee.xyz/assets/images/flags/kh.html]
[api.xyroinee.xyz/assets/images/flags/ki.html]
[api.xyroinee.xyz/assets/images/flags/km.html]
[api.xyroinee.xyz/assets/images/flags/kn.html]
[api.xyroinee.xyz/assets/images/flags/kp.html]
[api.xyroinee.xyz/assets/images/flags/kr.html]
[api.xyroinee.xyz/assets/images/flags/kw.html]
[api.xyroinee.xyz/assets/images/flags/ky.html]
[api.xyroinee.xyz/assets/images/flags/kz.html]
[api.xyroinee.xyz/assets/images/flags/la.html]
[api.xyroinee.xyz/assets/images/flags/lb.html]
[api.xyroinee.xyz/assets/images/flags/lc.html]
[api.xyroinee.xyz/assets/images/flags/li.html]
[api.xyroinee.xyz/assets/images/flags/lk.html]
[api.xyroinee.xyz/assets/images/flags/lr.html]
[api.xyroinee.xyz/assets/images/flags/ls.html]
[api.xyroinee.xyz/assets/images/flags/lt.html]
[api.xyroinee.xyz/assets/images/flags/lu.html]
[api.xyroinee.xyz/assets/images/flags/lv.html]
[api.xyroinee.xyz/assets/images/flags/ly.html]
[api.xyroinee.xyz/assets/images/flags/ma.html]
[api.xyroinee.xyz/assets/images/flags/mc.html]
[api.xyroinee.xyz/assets/images/flags/md.html]
[api.xyroinee.xyz/assets/images/flags/me.html]
[api.xyroinee.xyz/assets/images/flags/mf.html]
[api.xyroinee.xyz/assets/images/flags/mg.html]
[api.xyroinee.xyz/assets/images/flags/mh.html]
[api.xyroinee.xyz/assets/images/flags/mk.html]
[api.xyroinee.xyz/assets/images/flags/ml.html]
[api.xyroinee.xyz/assets/images/flags/mm.html]
[api.xyroinee.xyz/assets/images/flags/mn.html]
[api.xyroinee.xyz/assets/images/flags/mo.html]
[api.xyroinee.xyz/assets/images/flags/mp.html]
[api.xyroinee.xyz/assets/images/flags/mq.html]
[api.xyroinee.xyz/assets/images/flags/mr.html]
[api.xyroinee.xyz/assets/images/flags/ms.html]
[api.xyroinee.xyz/assets/images/flags/mt.html]
[api.xyroinee.xyz/assets/images/flags/mu.html]
[api.xyroinee.xyz/assets/images/flags/mv.html]
[api.xyroinee.xyz/assets/images/flags/mw.html]
[api.xyroinee.xyz/assets/images/flags/mx.html]
[api.xyroinee.xyz/assets/images/flags/my.html]
[api.xyroinee.xyz/assets/images/flags/mz.html]
[api.xyroinee.xyz/assets/images/flags/na.html]
[api.xyroinee.xyz/assets/images/flags/nc.html]
[api.xyroinee.xyz/assets/images/flags/ne.html]
[api.xyroinee.xyz/assets/images/flags/nf.html]
[api.xyroinee.xyz/assets/images/flags/ng.html]
[api.xyroinee.xyz/assets/images/flags/ni.html]
[api.xyroinee.xyz/assets/images/flags/nl.html]
[api.xyroinee.xyz/assets/images/flags/no.html]
[api.xyroinee.xyz/assets/images/flags/np.html]
[api.xyroinee.xyz/assets/images/flags/nr.html]
[api.xyroinee.xyz/assets/images/flags/nu.html]
[api.xyroinee.xyz/assets/images/flags/nz.html]
[api.xyroinee.xyz/assets/images/flags/om.html]
[api.xyroinee.xyz/assets/images/flags/pa.html]
[api.xyroinee.xyz/assets/images/flags/pe.html]
[api.xyroinee.xyz/assets/images/flags/pf.html]
[api.xyroinee.xyz/assets/images/flags/pg.html]
[api.xyroinee.xyz/assets/images/flags/ph.html]
[api.xyroinee.xyz/assets/images/flags/pk.html]
[api.xyroinee.xyz/assets/images/flags/pl.html]
[api.xyroinee.xyz/assets/images/flags/pm.html]
[api.xyroinee.xyz/assets/images/flags/pn.html]
[api.xyroinee.xyz/assets/images/flags/pr.html]
[api.xyroinee.xyz/assets/images/flags/ps.html]
[api.xyroinee.xyz/assets/images/flags/pt.html]
[api.xyroinee.xyz/assets/images/flags/pw.html]
[api.xyroinee.xyz/assets/images/flags/py.html]
[api.xyroinee.xyz/assets/images/flags/qa.html]
[api.xyroinee.xyz/assets/images/flags/re.html]
[api.xyroinee.xyz/assets/images/flags/ro.html]
[api.xyroinee.xyz/assets/images/flags/rs.html]
[api.xyroinee.xyz/assets/images/flags/ru.html]
[api.xyroinee.xyz/assets/images/flags/rw.html]
[api.xyroinee.xyz/assets/images/flags/sa.html]
[api.xyroinee.xyz/assets/images/flags/sb.html]
[api.xyroinee.xyz/assets/images/flags/sc.html]
[api.xyroinee.xyz/assets/images/flags/sd.html]
[api.xyroinee.xyz/assets/images/flags/se.html]
[api.xyroinee.xyz/assets/images/flags/sg.html]
[api.xyroinee.xyz/assets/images/flags/sh.html]
[api.xyroinee.xyz/assets/images/flags/si.html]
[api.xyroinee.xyz/assets/images/flags/sj.html]
[api.xyroinee.xyz/assets/images/flags/sk.html]
[api.xyroinee.xyz/assets/images/flags/sl.html]
[api.xyroinee.xyz/assets/images/flags/sm.html]
[api.xyroinee.xyz/assets/images/flags/sn.html]
[api.xyroinee.xyz/assets/images/flags/so.html]
[api.xyroinee.xyz/assets/images/flags/sr.html]
[api.xyroinee.xyz/assets/images/flags/ss.html]
[api.xyroinee.xyz/assets/images/flags/st.html]
[api.xyroinee.xyz/assets/images/flags/sv.html]
[api.xyroinee.xyz/assets/images/flags/sx.html]
[api.xyroinee.xyz/assets/images/flags/sy.html]
[api.xyroinee.xyz/assets/images/flags/sz.html]
[api.xyroinee.xyz/assets/images/flags/tc.html]
[api.xyroinee.xyz/assets/images/flags/td.html]
[api.xyroinee.xyz/assets/images/flags/tf.html]
[api.xyroinee.xyz/assets/images/flags/tg.html]
[api.xyroinee.xyz/assets/images/flags/th.html]
[api.xyroinee.xyz/assets/images/flags/tj.html]
[api.xyroinee.xyz/assets/images/flags/tk.html]
[api.xyroinee.xyz/assets/images/flags/tl.html]
[api.xyroinee.xyz/assets/images/flags/tm.html]
[api.xyroinee.xyz/assets/images/flags/tn.html]
[api.xyroinee.xyz/assets/images/flags/to.html]
[api.xyroinee.xyz/assets/images/flags/tr.html]
[api.xyroinee.xyz/assets/images/flags/tt.html]
[api.xyroinee.xyz/assets/images/flags/tv.html]
[api.xyroinee.xyz/assets/images/flags/tw.html]
[api.xyroinee.xyz/assets/images/flags/tz.html]
[api.xyroinee.xyz/assets/images/flags/ua.html]
[api.xyroinee.xyz/assets/images/flags/ug.html]
[api.xyroinee.xyz/assets/images/flags/um.html]
[api.xyroinee.xyz/assets/images/flags/un.html]
[api.xyroinee.xyz/assets/images/flags/us.html]
[api.xyroinee.xyz/assets/images/flags/uy.html]
[api.xyroinee.xyz/assets/images/flags/uz.html]
[api.xyroinee.xyz/assets/images/flags/va.html]
[api.xyroinee.xyz/assets/images/flags/vc.html]
[api.xyroinee.xyz/assets/images/flags/ve.html]
[api.xyroinee.xyz/assets/images/flags/vg.html]
[api.xyroinee.xyz/assets/images/flags/vi.html]
[api.xyroinee.xyz/assets/images/flags/vn.html]
[api.xyroinee.xyz/assets/images/flags/vu.html]
[api.xyroinee.xyz/assets/images/flags/wf.html]
[api.xyroinee.xyz/assets/images/flags/ws.html]
[api.xyroinee.xyz/assets/images/flags/ye.html]
[api.xyroinee.xyz/assets/images/flags/yt.html]
